2026-07-29 23:22:45,491 INFO morphology_toolkit.desktop: Starting Morphology Studio 0.1.0
2026-07-29 23:22:45,491 INFO morphology_toolkit.desktop: Frozen=True executable=G:\Code_Programs\VscodeProjects\Robot\Morphology_Studio\release\MorphologyStudio\MorphologyStudio.exe
2026-07-29 23:22:45,491 INFO morphology_toolkit.desktop: Resource root=G:\Code_Programs\VscodeProjects\Robot\Morphology_Studio\release\MorphologyStudio
2026-07-29 23:22:46,141 INFO uvicorn.error: Started server process [5128]
2026-07-29 23:22:46,142 INFO uvicorn.error: Waiting for application startup.
2026-07-29 23:22:46,142 INFO uvicorn.error: Application startup complete.
2026-07-29 23:22:46,144 INFO uvicorn.error: Uvicorn running on http://127.0.0.1:48765 (Press CTRL+C to quit)
2026-07-29 23:22:59,688 INFO morphology_toolkit.desktop: Starting Morphology Studio 0.1.0
2026-07-29 23:22:59,688 INFO morphology_toolkit.desktop: Frozen=True executable=G:\Code_Programs\VscodeProjects\Robot\Morphology_Studio\release\MorphologyStudio\MorphologyStudio.exe
2026-07-29 23:22:59,688 INFO morphology_toolkit.desktop: Resource root=G:\Code_Programs\VscodeProjects\Robot\Morphology_Studio\release\MorphologyStudio
2026-07-29 23:23:00,338 INFO uvicorn.error: Started server process [33548]
2026-07-29 23:23:00,338 INFO uvicorn.error: Waiting for application startup.
2026-07-29 23:23:00,338 INFO uvicorn.error: Application startup complete.
2026-07-29 23:23:00,338 INFO uvicorn.error: Uvicorn running on http://127.0.0.1:48765 (Press CTRL+C to quit)
2026-07-29 23:24:35,737 INFO morphology_toolkit.desktop: Starting Morphology Studio 0.1.0
2026-07-29 23:24:35,737 INFO morphology_toolkit.desktop: Frozen=True executable=G:\Code_Programs\VscodeProjects\Robot\Morphology_Studio\release\MorphologyStudio\MorphologyStudio.exe
2026-07-29 23:24:35,737 INFO morphology_toolkit.desktop: Resource root=G:\Code_Programs\VscodeProjects\Robot\Morphology_Studio\release\MorphologyStudio
2026-07-29 23:24:36,344 INFO uvicorn.error: Started server process [38028]
2026-07-29 23:24:36,344 INFO uvicorn.error: Waiting for application startup.
2026-07-29 23:24:36,344 INFO uvicorn.error: Application startup complete.
2026-07-29 23:24:36,344 INFO uvicorn.error: Uvicorn running on http://127.0.0.1:12639 (Press CTRL+C to quit)
2026-07-29 23:24:36,965 INFO morphology_toolkit.desktop: Desktop API ready at http://127.0.0.1:12639
2026-07-29 23:24:51,389 INFO morphology_toolkit.webapp: Loaded model ur5e_hx5_right from G:\Code_Programs\VscodeProjects\Robot\Morphology-Conditioned\robot_models\processed_models\portable_packages\ur5e_hx5_right\robot.urdf
2026-07-29 23:25:16,807 INFO morphology_toolkit.webapp: Committed 1 joint state(s)
2026-07-29 23:25:25,473 INFO uvicorn.error: Shutting down
2026-07-29 23:25:25,583 INFO uvicorn.error: Waiting for application shutdown.
2026-07-29 23:25:25,583 INFO uvicorn.error: Application shutdown complete.
2026-07-29 23:25:25,583 INFO uvicorn.error: Finished server process [38028]
